// Jest Snapshot v1, https://goo.gl/fbAQLP

exports[`Calculator renders correctly 1`] = `
<div
  className="calcPage"
>
  <h2>
    Let's do some math!
  </h2>
  <div
    className="calculator"
  >
    <div
      data-testid="display"
      id="screen"
    >
      0
    </div>
    <div
      className="row"
    >
      <button
        className="left-button"
        onClick={[Function]}
        type="button"
      >
        AC
      </button>
      <button
        className="left-button"
        onClick={[Function]}
        type="button"
      >
        +/-
      </button>
      <button
        className="left-button"
        onClick={[Function]}
        type="button"
      >
        %
      </button>
      <button
        className="right-button"
        onClick={[Function]}
        type="button"
      >
        ÷
      </button>
    </div>
    <div
      className="row"
    >
      <button
        className="left-button"
        onClick={[Function]}
        type="button"
      >
        7
      </button>
      <button
        className="left-button"
        onClick={[Function]}
        type="button"
      >
        8
      </button>
      <button
        className="left-button"
        onClick={[Function]}
        type="button"
      >
        9
      </button>
      <button
        className="right-button"
        onClick={[Function]}
        type="button"
      >
        x
      </button>
    </div>
    <div
      className="row"
    >
      <button
        className="left-button"
        onClick={[Function]}
        type="button"
      >
        4
      </button>
      <button
        className="left-button"
        onClick={[Function]}
        type="button"
      >
        5
      </button>
      <button
        className="left-button"
        onClick={[Function]}
        type="button"
      >
        6
      </button>
      <button
        className="right-button"
        onClick={[Function]}
        type="button"
      >
        -
      </button>
    </div>
    <div
      className="row"
    >
      <button
        className="left-button"
        onClick={[Function]}
        type="button"
      >
        1
      </button>
      <button
        className="left-button"
        onClick={[Function]}
        type="button"
      >
        2
      </button>
      <button
        className="left-button"
        onClick={[Function]}
        type="button"
      >
        3
      </button>
      <button
        className="right-button"
        onClick={[Function]}
        type="button"
      >
        +
      </button>
    </div>
    <div
      className="row"
    >
      <button
        className="left-button zero"
        onClick={[Function]}
        type="button"
      >
        0
      </button>
      <button
        className="left-button dot"
        onClick={[Function]}
        type="button"
      >
        .
      </button>
      <button
        className="right-button"
        onClick={[Function]}
        type="button"
      >
        =
      </button>
    </div>
  </div>
</div>
`;

exports[`operate Home should render Home component correctly 1`] = `
<div
  className="home"
>
  <h2
    className="homeTitle"
  >
    Welcome to our page!
  </h2>
  <p
    className="homeParagraph"
  >
    Lorem ipsum dolor sit amet, consectetur adipiscing elit, sed do eiusmod tempor incididunt ut labore et dolore magna aliqua. Ut enim ad minim veniam, quis nostrud exercitation ullamco laboris nisi ut aliquip ex ea commodo consequat. Duis aute irure dolor in reprehenderit in voluptate velit esse cillum dolore eu fugiat nulla pariatur. Excepteur sint occaecat cupidatat non proident, sunt in culpa qui officia deserunt mollit anim id est laborum.
  </p>
  <p
    className="homeParagraph"
  >
    Lorem ipsum dolor sit amet, consectetur adipiscing elit, sed do eiusmod tempor incididunt ut labore et dolore magna aliqua. Ut enim ad minim veniam, quis nostrud exercitation ullamco laboris nisi ut aliquip ex ea commodo consequat. Duis aute irure dolor in reprehenderit in voluptate velit esse cillum dolore eu fugiat nulla pariatur. Excepteur sint occaecat cupidatat non proident, sunt in culpa qui officia deserunt mollit anim id est laborum.
  </p>
</div>
`;

exports[`operate Navbar should render Navbar component correctly 1`] = `
<nav
  className="navbar"
>
  <h1
    className="navTitle"
  >
    Math Magicians
  </h1>
  <ul>
    <li>
      <a
        aria-current="page"
        className="active"
        href="/"
        onClick={[Function]}
      >
        Home
      </a>
    </li>
    <li>
      <a
        className=""
        href="/calculator"
        onClick={[Function]}
      >
        calculator
      </a>
    </li>
    <li>
      <a
        className=""
        href="/quote"
        onClick={[Function]}
      >
        quote
      </a>
    </li>
  </ul>
</nav>
`;

exports[`operate NotFound should render NotFound component correctly 1`] = `
<div>
  <p>
    Not found!
  </p>
</div>
`;

exports[`operate matches snapshot 1`] = `
<DocumentFragment>
  <div
    class="quote"
  >
    <p
      class="quote"
    />
    <p>
      Loading...
    </p>
  </div>
</DocumentFragment>
`;
